{
  "experiment_name": "build",
  "parent_directory": "/gpfs/bbp.cscs.ch/project/proj62/NGV/ARCHNGV/PACKAGES/GERRIT_REPOS/ArchNGV/functional_tests",
  "input_paths": {
    "voxelized_intensity": "../data/atlas/[density]astrocytes.nrrd",
    "voxelized_brain_regions": "../data/atlas/brain_regions.nrrd",
    "vasculature": "../data/atlas/vasculature.h5",
    "microcircuit_path": "",
    "synaptic_data": "../data/circuit/sonata/networks/edges/functional/All/edges.h5",
    "vasculature_mesh": "../data/atlas/vasculature.mesh.obj",
    "tns_astrocyte_distributions": "/gpfs/bbp.cscs.ch/project/proj62/NGV/ARCHNGV/PACKAGES/GERRIT_REPOS/ArchNGV/functional_tests/bioname/tns_distributions.json",
    "tns_astrocyte_parameters": "/gpfs/bbp.cscs.ch/project/proj62/NGV/ARCHNGV/PACKAGES/GERRIT_REPOS/ArchNGV/functional_tests/bioname/tns_parameters.json"
  },
  "output_paths": {
    "morphology": "morphologies",
    "cell_data": "cell_data.h5",
    "synaptic_connectivity": "synaptic_connectivity.h5",
    "gliovascular_connectivity": "gliovascular_connectivity.h5",
    "gliovascular_data": "gliovascular_data.h5",
    "neuroglial_connectivity": "sonata/edges/neuroglial.h5",
    "neuroglial_data": "neuroglial_data.h5",
    "glialglial_connectivity": "sonata/edges/glialglial.h5",
    "endfeet_areas": "endfeet_areas.h5",
    "microdomain_mesh": "microdomains/tesselation.stl",
    "microdomains": "microdomains/microdomains.h5",
    "overlapping_microdomain_mesh": "microdomains/overlapping_tesselation.stl",
    "overlapping_microdomains": "microdomains/overlapping_microdomains.h5"
  },
  "parameters": {
    "cell_placement": {
      "density": "[density]astrocytes",
      "soma_radius": [
        5.6,
        0.74,
        0.1,
        20
      ],
      "Energy": {
        "potentials": {
          "spring": [
            32.0,
            1.0
          ]
        }
      },
      "MetropolisHastings": {
        "n_initial": 10,
        "beta": 0.01,
        "ntrials": 3,
        "cutoff_radius": 60.0
      }
    },
    "microdomain_tesselation": {
      "overlap_distribution": {
        "type": "normal",
        "values": [
          0.1,
          1e-07
        ]
      }
    },
    "gliovascular_connectivity": {
      "graph_targeting": {
        "linear_density": 0.17
      },
      "connection": {
        "reachout_strategy": "maximum_reachout",
        "endfeet_distribution": [
          2,
          2,
          0,
          15
        ],
        "endfeet_minimum_distance_with_neighbors": 0.1
      },
      "surface_targeting": {}
    },
    "neuroglial_connectivity": {},
    "synthesis": {
      "attraction_field": "lambda _: 1",
      "point_cloud": [
        5.0,
        2.0
      ],
      "segment_length": 1.0,
      "randomness": 0.6,
      "perimeter_distribution": {
        "enabled": true,
        "statistical_model": {
          "slope": 2.060005867796768,
          "intercept": 1.0219733661696733,
          "standard_deviation": 1.1161359624857308
        },
        "smoothing": {
          "window": [
            1.0,
            1.0,
            1.0,
            1.0,
            1.0
          ]
        }
      },
      "endfeet_area_reconstruction": {
        "fmm_cutoff_radius": 1000.0,
        "area_distribution": [
          200.0,
          10.0,
          0.0,
          1000.0
        ],
        "thickness_distribution": [
          1.0,
          0.1,
          0.01,
          2.0
        ]
      }
    }
  }
}