#universe bounding box:
-4.6 3491.3 -8.2 311.3 0.0 6762.5
#slices: 5 (5*1*1)
#slice dimensions:
-4.6 1138.1 -8.2 305.2 0.0 6753.8
1138.2 1613.6 -3.0 305.6 4698.2 6706.1
1613.6 2158.3 -4.9 311.3 4660.5 6755.8
2158.6 2566.0 -3.6 303.0 4680.2 6755.9
2566.2 3491.3 -3.7 304.5 4650.1 6762.5
#cpus bounding boxes:
-12.9 1140.3 -12.3 309.3 -7.4 6758.3
1135.5 1618.0 -5.7 309.8 4692.7 6711.3
1607.6 2178.0 -7.6 314.2 4646.9 6758.1
2149.9 2570.6 -6.1 305.1 4678.4 6761.4
2561.7 3544.6 -6.2 308.0 4644.8 6764.6
